
[1;38;5;255mSnapshot Summary[0m

[32;1m✓ 10 snapshots passed
[0m[31;1m✕ 100 snapshots failed
[0m[32;1m✎ 5 snapshots added
[0m[32;1m✎ 3 snapshots updated
[0m[33;1m⟳ 5 snapshots skipped
[0m[33;1m
› 1 snapshot file obsolete
[0m[2m  ↳  • test0.snap
[0m[33;1m
› 1 snapshot test obsolete
[0m[2m  ↳  • TestMock/should_pass - 1
[0m[2m
To remove them, re-run tests with `UPDATE_SNAPS=clean go test ./...`
[0m