
- Snapshot - 5
+ Received + 6

@@ -1,12 +1,13 @@

  Proin justo libero, pellentesque sit amet scelerisque ut, sollicitudin non tortor. 
-       Sed velit elit, accumsan sed porttitor nec, elementum quis sapien. 
+       Sed velit elit, accumsan sed Ipsum nec, elementum quis sapien. 
        Phasellus mattis purus in dui pretium, eu euismod metus feugiat. 
-       Morbi turpis tellus, tincidunt mollis rutrum at, mattis laoreet lacus. 
+       Morbi turpis Lorem, tincidunt mollis rutrum at, mattis laoreet lacus. 
        Donec in quam tempus, eleifend erat sit amet, aliquet metus. 
        Sed ullamcorper velit a est efficitur, et tempus ante rhoncus. 
        Aliquam diam sapien, vulputate sit amet elit sit amet, commodo eleifend sapien. 
        Donec consequat at nibh id mattis. Quisque vitae sagittis eros, convallis consectetur ante. 
        Duis finibus suscipit mi sed consectetur. Nulla libero neque, sagittis vel nulla vel,
-        vestibulum sagittis mauris. Ut laoreet urna lectus. 
-        Sed lorem felis, condimentum eget vehicula non, sagittis sit amet diam. 
-        Vivamus ut sapien at erat imperdiet suscipit id a lectus.
+       vestibulum sagittis mauris. Ut laoreet urna lectus. 
+       Sed lorem felis, condimentum eget vehicula non, sagittis sit amet diam. 
+       Vivamus ut sapien at erat imperdiet suscipit id a lectus.
+       Another Line added.

at snap/path:20
